[INFO] Error stacktraces are turned on.
[INFO] Scanning for projects...
[INFO] 
[INFO] -------------< 4298ec09-1c1f-470c-aa3c-b6dc2f85d1a3:test >--------------
[INFO] Building CI/CD Proof of Concept API 1.0.0-SNAPSHOT
[INFO]   from pom.xml
[INFO] --------------------------[ mule-application ]--------------------------
[INFO] 
[INFO] --- clean:3.2.0:clean (default-clean-1) @ test ---
[INFO] Deleting C:\Users\bibhu_w7dr2kh\AnypointStudio\studio-workspace\Stream_Batch_poc\target
[INFO] 
[INFO] --- mule:4.1.0:clean (default-clean) @ test ---
[INFO] 
[INFO] --- clean:3.2.0:clean (default-clean) @ test ---
[INFO] 
[INFO] --- mule:4.1.0:validate (default-validate) @ test ---
[INFO] 
[INFO] --- mule:4.1.0:initialize (default-initialize) @ test ---
[INFO] 
[INFO] --- mule:4.1.0:generate-sources (default-generate-sources) @ test ---
[INFO] 
[INFO] --- mule:4.1.0:process-sources (default-process-sources) @ test ---
[INFO] About to fetch required dependencies for artifact: 4298ec09-1c1f-470c-aa3c-b6dc2f85d1a3:test:pom:1.0.0-SNAPSHOT. This may take a while...
[INFO] 
[INFO] --- resources:3.3.1:resources (default-resources) @ test ---
[INFO] Copying 3 resources from src\main\resources to target\classes
[INFO] 
[INFO] --- mule:4.1.0:process-resources (default-process-resources) @ test ---
[INFO] 
[INFO] --- compiler:3.11.0:compile (default-compile) @ test ---
[INFO] Nothing to compile - all classes are up to date
[INFO] 
[INFO] --- mule:4.1.0:compile (default-compile) @ test ---
[INFO] 
[INFO] --- mule:4.1.0:process-classes (default-process-classes) @ test ---
[INFO] About to fetch required dependencies for artifact: e1de8900-a761-11f1-8b19-04ecd869cc32:e1de8900-a761-11f1-8b19-04ecd869cc32:pom:4.6.0. This may take a while...
[INFO] About to fetch required dependencies for artifact: e496cb30-a761-11f1-8b19-04ecd869cc32:e496cb30-a761-11f1-8b19-04ecd869cc32:pom:4.6.0. This may take a while...
[INFO] About to fetch required dependencies for artifact: e630cc20-a761-11f1-8b19-04ecd869cc32:e630cc20-a761-11f1-8b19-04ecd869cc32:pom:4.6.0. This may take a while...
[INFO] About to fetch required dependencies for artifact: e796c4c0-a761-11f1-8b19-04ecd869cc32:e796c4c0-a761-11f1-8b19-04ecd869cc32:pom:4.6.0. This may take a while...
[INFO] About to fetch required dependencies for artifact: e89fd050-a761-11f1-8b19-04ecd869cc32:e89fd050-a761-11f1-8b19-04ecd869cc32:pom:4.6.0. This may take a while...
[INFO] About to fetch required dependencies for artifact: e8e4efa0-a761-11f1-8b19-04ecd869cc32:e8e4efa0-a761-11f1-8b19-04ecd869cc32:pom:4.6.0. This may take a while...
[INFO] 
[INFO] --- mule:4.1.0:generate-test-sources (default-generate-test-sources) @ test ---
[INFO] 
[INFO] --- resources:3.3.1:testResources (default-testResources) @ test ---
[INFO] Copying 1 resource from src\test\resources to target\test-classes
[INFO] 
[INFO] --- mule:4.1.0:generate-test-resources (default-generate-test-resources) @ test ---
[INFO] 
[INFO] --- compiler:3.11.0:testCompile (default-testCompile) @ test ---
[INFO] Nothing to compile - all classes are up to date
[INFO] 
[INFO] --- mule:4.1.0:test-compile (default-test-compile) @ test ---
[INFO] 
[INFO] --- surefire:3.1.2:test (default-test) @ test ---
[INFO] Tests are skipped.
[INFO] 
[INFO] --- mule:4.1.0:package (default-package) @ test ---
[INFO] Building zip: C:\Users\bibhu_w7dr2kh\AnypointStudio\studio-workspace\Stream_Batch_poc\target\test-1.0.0-SNAPSHOT-mule-application.jar
[INFO] 
[INFO] --- mule:4.1.0:verify (default-verify) @ test ---
[INFO] 
[INFO] --- install:3.1.1:install (default-install) @ test ---
[INFO] Installing C:\Users\bibhu_w7dr2kh\AnypointStudio\studio-workspace\Stream_Batch_poc\pom.xml to C:\Users\Kush-pc\.m2\repository\4298ec09-1c1f-470c-aa3c-b6dc2f85d1a3\test\1.0.0-SNAPSHOT\test-1.0.0-SNAPSHOT.pom
[INFO] Installing C:\Users\bibhu_w7dr2kh\AnypointStudio\studio-workspace\Stream_Batch_poc\target\test-1.0.0-SNAPSHOT-mule-application.jar to C:\Users\Kush-pc\.m2\repository\4298ec09-1c1f-470c-aa3c-b6dc2f85d1a3\test\1.0.0-SNAPSHOT\test-1.0.0-SNAPSHOT-mule-application.jar
[INFO] 
[INFO] --- exchange-mule:0.0.23:exchange-pre-deploy (default-exchange-pre-deploy) @ test ---
2026-09-03 12:07:27,862 main ERROR Unable to create file ${sys:mule.home}\logs\test.log java.io.IOException: The filename, directory name, or volume label syntax is incorrect
	at java.base/java.io.WinNTFileSystem.canonicalize0(Native Method)
	at java.base/java.io.WinNTFileSystem.canonicalize(WinNTFileSystem.java:462)
	at java.base/java.io.File.getCanonicalPath(File.java:626)
	at java.base/java.io.File.getCanonicalFile(File.java:651)
	at org.apache.logging.log4j.core.util.FileUtils.makeParentDirs(FileUtils.java:139)
	at org.apache.logging.log4j.core.appender.rolling.RollingFileManager$RollingFileManagerFactory.createManager(RollingFileManager.java:734)
	at org.apache.logging.log4j.core.appender.rolling.RollingFileManager$RollingFileManagerFactory.createManager(RollingFileManager.java:718)
	at org.apache.logging.log4j.core.appender.AbstractManager.getManager(AbstractManager.java:144)
	at org.apache.logging.log4j.core.appender.OutputStreamManager.getManager(OutputStreamManager.java:100)
	at org.apache.logging.log4j.core.appender.rolling.RollingFileManager.getFileManager(RollingFileManager.java:217)
	at org.apache.logging.log4j.core.appender.RollingFileAppender$Builder.build(RollingFileAppender.java:135)
	at org.apache.logging.log4j.core.appender.RollingFileAppender$Builder.build(RollingFileAppender.java:62)
	at org.apache.logging.log4j.core.config.plugins.util.PluginBuilder.build(PluginBuilder.java:124)
	at org.apache.logging.log4j.core.config.AbstractConfiguration.createPluginObject(AbstractConfiguration.java:1138)
	at org.apache.logging.log4j.core.config.AbstractConfiguration.createConfiguration(AbstractConfiguration.java:1063)
	at org.apache.logging.log4j.core.config.AbstractConfiguration.createConfiguration(AbstractConfiguration.java:1055)
	at org.apache.logging.log4j.core.config.AbstractConfiguration.doConfigure(AbstractConfiguration.java:664)
	at org.apache.logging.log4j.core.config.AbstractConfiguration.initialize(AbstractConfiguration.java:258)
	at org.apache.logging.log4j.core.config.AbstractConfiguration.start(AbstractConfiguration.java:304)
	at org.apache.logging.log4j.core.LoggerContext.setConfiguration(LoggerContext.java:621)
	at org.apache.logging.log4j.core.LoggerContext.reconfigure(LoggerContext.java:694)
	at org.apache.logging.log4j.core.LoggerContext.reconfigure(LoggerContext.java:711)
	at org.apache.logging.log4j.core.LoggerContext.start(LoggerContext.java:253)
	at org.apache.logging.log4j.core.impl.Log4jContextFactory.getContext(Log4jContextFactory.java:155)
	at org.apache.logging.log4j.core.impl.Log4jContextFactory.getContext(Log4jContextFactory.java:47)
	at org.apache.logging.log4j.LogManager.getContext(LogManager.java:196)
	at org.apache.commons.logging.LogAdapter$Log4jLog.<clinit>(LogAdapter.java:155)
	at org.apache.commons.logging.LogAdapter$Log4jAdapter.createLog(LogAdapter.java:122)
	at org.apache.commons.logging.LogAdapter.createLog(LogAdapter.java:89)
	at org.apache.commons.logging.LogFactory.getLog(LogFactory.java:67)
	at org.apache.commons.logging.LogFactory.getLog(LogFactory.java:59)
	at org.apache.http.conn.ssl.AbstractVerifier.<init>(AbstractVerifier.java:61)
	at org.apache.http.conn.ssl.AllowAllHostnameVerifier.<init>(AllowAllHostnameVerifier.java:44)
	at org.apache.http.conn.ssl.AllowAllHostnameVerifier.<clinit>(AllowAllHostnameVerifier.java:46)
	at org.apache.http.conn.ssl.SSLConnectionSocketFactory.<clinit>(SSLConnectionSocketFactory.java:151)
	at org.eclipse.aether.transport.http.GlobalState.newConnectionManager(GlobalState.java:169)
	at java.base/java.util.concurrent.ConcurrentHashMap.computeIfAbsent(ConcurrentHashMap.java:1708)
	at org.eclipse.aether.transport.http.GlobalState.getConnectionManager(GlobalState.java:145)
	at org.eclipse.aether.transport.http.LocalState.<init>(LocalState.java:62)
	at org.eclipse.aether.transport.http.HttpTransporter.<init>(HttpTransporter.java:197)
	at org.eclipse.aether.transport.http.HttpTransporterFactory.newInstance(HttpTransporterFactory.java:95)
	at org.eclipse.aether.internal.impl.DefaultTransporterProvider.newTransporter(DefaultTransporterProvider.java:94)
	at org.eclipse.aether.connector.basic.BasicRepositoryConnector.<init>(BasicRepositoryConnector.java:128)
	at org.eclipse.aether.connector.basic.BasicRepositoryConnectorFactory.newInstance(BasicRepositoryConnectorFactory.java:172)
	at org.eclipse.aether.internal.impl.DefaultRepositoryConnectorProvider.newRepositoryConnector(DefaultRepositoryConnectorProvider.java:122)
	at org.eclipse.aether.internal.impl.DefaultArtifactResolver.performDownloads(DefaultArtifactResolver.java:549)
	at org.eclipse.aether.internal.impl.DefaultArtifactResolver.resolve(DefaultArtifactResolver.java:450)
	at org.eclipse.aether.internal.impl.DefaultArtifactResolver.resolveArtifacts(DefaultArtifactResolver.java:261)
	at org.eclipse.aether.internal.impl.DefaultArtifactResolver.resolveArtifact(DefaultArtifactResolver.java:243)
	at org.eclipse.aether.internal.impl.DefaultRepositorySystem.resolveArtifact(DefaultRepositorySystem.java:278)
	at org.apache.maven.artifact.resolver.DefaultArtifactResolver.resolve(DefaultArtifactResolver.java:197)
	at org.apache.maven.artifact.resolver.DefaultArtifactResolver.resolve(DefaultArtifactResolver.java:146)
	at org.apache.maven.artifact.resolver.DefaultArtifactResolver.resolve(DefaultArtifactResolver.java:535)
	at com.googlecode.download.maven.plugin.internal.Artifact.downloadArtifact(Artifact.java:192)
	at com.googlecode.download.maven.plugin.internal.Artifact.downloadAndAddArtifact(Artifact.java:173)
	at com.googlecode.download.maven.plugin.internal.Artifact.execute(Artifact.java:155)
	at org.apache.maven.plugin.DefaultBuildPluginManager.executeMojo(DefaultBuildPluginManager.java:126)
	at org.twdata.maven.mojoexecutor.MojoExecutor.executeMojo(MojoExecutor.java:120)
	at com.mulesoft.exchange.mavenfacade.AbstractDynamicJSONFileProvider.getStatus(AbstractDynamicJSONFileProvider.java:93)
	at com.mulesoft.exchange.mavenfacade.PublicationPreConditionsChecker.checkStatus(PublicationPreConditionsChecker.java:17)
	at com.mulesoft.exchange.mavenfacade.PreDeployMojo.doExecute(PreDeployMojo.java:30)
	at com.mulesoft.exchange.mavenfacade.AbstractExchangeMojo.execute(AbstractExchangeMojo.java:61)
	at org.apache.maven.plugin.DefaultBuildPluginManager.executeMojo(DefaultBuildPluginManager.java:126)
	at org.apache.maven.lifecycle.internal.MojoExecutor.doExecute2(MojoExecutor.java:328)
	at org.apache.maven.lifecycle.internal.MojoExecutor.doExecute(MojoExecutor.java:316)
	at org.apache.maven.lifecycle.internal.MojoExecutor.execute(MojoExecutor.java:212)
	at org.apache.maven.lifecycle.internal.MojoExecutor.execute(MojoExecutor.java:174)
	at org.apache.maven.lifecycle.internal.MojoExecutor.access$000(MojoExecutor.java:75)
	at org.apache.maven.lifecycle.internal.MojoExecutor$1.run(MojoExecutor.java:162)
	at org.apache.maven.plugin.DefaultMojosExecutionStrategy.execute(DefaultMojosExecutionStrategy.java:39)
	at org.apache.maven.lifecycle.internal.MojoExecutor.execute(MojoExecutor.java:159)
	at org.apache.maven.lifecycle.internal.LifecycleModuleBuilder.buildProject(LifecycleModuleBuilder.java:105)
	at org.apache.maven.lifecycle.internal.LifecycleModuleBuilder.buildProject(LifecycleModuleBuilder.java:73)
	at org.apache.maven.lifecycle.internal.builder.singlethreaded.SingleThreadedBuilder.build(SingleThreadedBuilder.java:53)
	at org.apache.maven.lifecycle.internal.LifecycleStarter.execute(LifecycleStarter.java:118)
	at org.apache.maven.DefaultMaven.doExecute(DefaultMaven.java:261)
	at org.apache.maven.DefaultMaven.doExecute(DefaultMaven.java:173)
	at org.apache.maven.DefaultMaven.execute(DefaultMaven.java:101)
	at org.apache.maven.cli.MavenCli.execute(MavenCli.java:919)
	at org.apache.maven.cli.MavenCli.doMain(MavenCli.java:285)
	at org.apache.maven.cli.MavenCli.main(MavenCli.java:207)
	at java.base/jdk.internal.reflect.NativeMethodAccessorImpl.invoke0(Native Method)
	at java.base/jdk.internal.reflect.NativeMethodAccessorImpl.invoke(NativeMethodAccessorImpl.java:77)
	at java.base/jdk.internal.reflect.DelegatingMethodAccessorImpl.invoke(DelegatingMethodAccessorImpl.java:43)
	at java.base/java.lang.reflect.Method.invoke(Method.java:568)
	at org.codehaus.plexus.classworlds.launcher.Launcher.launchEnhanced(Launcher.java:255)
	at org.codehaus.plexus.classworlds.launcher.Launcher.launch(Launcher.java:201)
	at org.codehaus.plexus.classworlds.launcher.Launcher.mainWithExitCode(Launcher.java:362)
	at org.codehaus.plexus.classworlds.launcher.Launcher.main(Launcher.java:314)

2026-09-03 12:07:27,869 main ERROR Could not create plugin of type class org.apache.logging.log4j.core.appender.RollingFileAppender for element RollingFile: java.lang.IllegalStateException: ManagerFactory [org.apache.logging.log4j.core.appender.rolling.RollingFileManager$RollingFileManagerFactory@26426de8] unable to create manager for [${sys:mule.home}\logs\test.log] with data [org.apache.logging.log4j.core.appender.rolling.RollingFileManager$FactoryData@7bd9e2f7[pattern=${sys:mule.home}\logs\test-%i.log, append=true, bufferedIO=true, bufferSize=8192, policy=SizeBasedTriggeringPolicy(size=10485760), strategy=DefaultRolloverStrategy(min=1, max=10, useMax=true), advertiseURI=null, layout=%-5p %d [%t] [processor: %X{processorPath}; event: %X{correlationId}] %c: %m%n, filePermissions=null, fileOwner=null]] java.lang.IllegalStateException: ManagerFactory [org.apache.logging.log4j.core.appender.rolling.RollingFileManager$RollingFileManagerFactory@26426de8] unable to create manager for [${sys:mule.home}\logs\test.log] with data [org.apache.logging.log4j.core.appender.rolling.RollingFileManager$FactoryData@7bd9e2f7[pattern=${sys:mule.home}\logs\test-%i.log, append=true, bufferedIO=true, bufferSize=8192, policy=SizeBasedTriggeringPolicy(size=10485760), strategy=DefaultRolloverStrategy(min=1, max=10, useMax=true), advertiseURI=null, layout=%-5p %d [%t] [processor: %X{processorPath}; event: %X{correlationId}] %c: %m%n, filePermissions=null, fileOwner=null]]
	at org.apache.logging.log4j.core.appender.AbstractManager.getManager(AbstractManager.java:146)
	at org.apache.logging.log4j.core.appender.OutputStreamManager.getManager(OutputStreamManager.java:100)
	at org.apache.logging.log4j.core.appender.rolling.RollingFileManager.getFileManager(RollingFileManager.java:217)
	at org.apache.logging.log4j.core.appender.RollingFileAppender$Builder.build(RollingFileAppender.java:135)
	at org.apache.logging.log4j.core.appender.RollingFileAppender$Builder.build(RollingFileAppender.java:62)
	at org.apache.logging.log4j.core.config.plugins.util.PluginBuilder.build(PluginBuilder.java:124)
	at org.apache.logging.log4j.core.config.AbstractConfiguration.createPluginObject(AbstractConfiguration.java:1138)
	at org.apache.logging.log4j.core.config.AbstractConfiguration.createConfiguration(AbstractConfiguration.java:1063)
	at org.apache.logging.log4j.core.config.AbstractConfiguration.createConfiguration(AbstractConfiguration.java:1055)
	at org.apache.logging.log4j.core.config.AbstractConfiguration.doConfigure(AbstractConfiguration.java:664)
	at org.apache.logging.log4j.core.config.AbstractConfiguration.initialize(AbstractConfiguration.java:258)
	at org.apache.logging.log4j.core.config.AbstractConfiguration.start(AbstractConfiguration.java:304)
	at org.apache.logging.log4j.core.LoggerContext.setConfiguration(LoggerContext.java:621)
	at org.apache.logging.log4j.core.LoggerContext.reconfigure(LoggerContext.java:694)
	at org.apache.logging.log4j.core.LoggerContext.reconfigure(LoggerContext.java:711)
	at org.apache.logging.log4j.core.LoggerContext.start(LoggerContext.java:253)
	at org.apache.logging.log4j.core.impl.Log4jContextFactory.getContext(Log4jContextFactory.java:155)
	at org.apache.logging.log4j.core.impl.Log4jContextFactory.getContext(Log4jContextFactory.java:47)
	at org.apache.logging.log4j.LogManager.getContext(LogManager.java:196)
	at org.apache.commons.logging.LogAdapter$Log4jLog.<clinit>(LogAdapter.java:155)
	at org.apache.commons.logging.LogAdapter$Log4jAdapter.createLog(LogAdapter.java:122)
	at org.apache.commons.logging.LogAdapter.createLog(LogAdapter.java:89)
	at org.apache.commons.logging.LogFactory.getLog(LogFactory.java:67)
	at org.apache.commons.logging.LogFactory.getLog(LogFactory.java:59)
	at org.apache.http.conn.ssl.AbstractVerifier.<init>(AbstractVerifier.java:61)
	at org.apache.http.conn.ssl.AllowAllHostnameVerifier.<init>(AllowAllHostnameVerifier.java:44)
	at org.apache.http.conn.ssl.AllowAllHostnameVerifier.<clinit>(AllowAllHostnameVerifier.java:46)
	at org.apache.http.conn.ssl.SSLConnectionSocketFactory.<clinit>(SSLConnectionSocketFactory.java:151)
	at org.eclipse.aether.transport.http.GlobalState.newConnectionManager(GlobalState.java:169)
	at java.base/java.util.concurrent.ConcurrentHashMap.computeIfAbsent(ConcurrentHashMap.java:1708)
	at org.eclipse.aether.transport.http.GlobalState.getConnectionManager(GlobalState.java:145)
	at org.eclipse.aether.transport.http.LocalState.<init>(LocalState.java:62)
	at org.eclipse.aether.transport.http.HttpTransporter.<init>(HttpTransporter.java:197)
	at org.eclipse.aether.transport.http.HttpTransporterFactory.newInstance(HttpTransporterFactory.java:95)
	at org.eclipse.aether.internal.impl.DefaultTransporterProvider.newTransporter(DefaultTransporterProvider.java:94)
	at org.eclipse.aether.connector.basic.BasicRepositoryConnector.<init>(BasicRepositoryConnector.java:128)
	at org.eclipse.aether.connector.basic.BasicRepositoryConnectorFactory.newInstance(BasicRepositoryConnectorFactory.java:172)
	at org.eclipse.aether.internal.impl.DefaultRepositoryConnectorProvider.newRepositoryConnector(DefaultRepositoryConnectorProvider.java:122)
	at org.eclipse.aether.internal.impl.DefaultArtifactResolver.performDownloads(DefaultArtifactResolver.java:549)
	at org.eclipse.aether.internal.impl.DefaultArtifactResolver.resolve(DefaultArtifactResolver.java:450)
	at org.eclipse.aether.internal.impl.DefaultArtifactResolver.resolveArtifacts(DefaultArtifactResolver.java:261)
	at org.eclipse.aether.internal.impl.DefaultArtifactResolver.resolveArtifact(DefaultArtifactResolver.java:243)
	at org.eclipse.aether.internal.impl.DefaultRepositorySystem.resolveArtifact(DefaultRepositorySystem.java:278)
	at org.apache.maven.artifact.resolver.DefaultArtifactResolver.resolve(DefaultArtifactResolver.java:197)
	at org.apache.maven.artifact.resolver.DefaultArtifactResolver.resolve(DefaultArtifactResolver.java:146)
	at org.apache.maven.artifact.resolver.DefaultArtifactResolver.resolve(DefaultArtifactResolver.java:535)
	at com.googlecode.download.maven.plugin.internal.Artifact.downloadArtifact(Artifact.java:192)
	at com.googlecode.download.maven.plugin.internal.Artifact.downloadAndAddArtifact(Artifact.java:173)
	at com.googlecode.download.maven.plugin.internal.Artifact.execute(Artifact.java:155)
	at org.apache.maven.plugin.DefaultBuildPluginManager.executeMojo(DefaultBuildPluginManager.java:126)
	at org.twdata.maven.mojoexecutor.MojoExecutor.executeMojo(MojoExecutor.java:120)
	at com.mulesoft.exchange.mavenfacade.AbstractDynamicJSONFileProvider.getStatus(AbstractDynamicJSONFileProvider.java:93)
	at com.mulesoft.exchange.mavenfacade.PublicationPreConditionsChecker.checkStatus(PublicationPreConditionsChecker.java:17)
	at com.mulesoft.exchange.mavenfacade.PreDeployMojo.doExecute(PreDeployMojo.java:30)
	at com.mulesoft.exchange.mavenfacade.AbstractExchangeMojo.execute(AbstractExchangeMojo.java:61)
	at org.apache.maven.plugin.DefaultBuildPluginManager.executeMojo(DefaultBuildPluginManager.java:126)
	at org.apache.maven.lifecycle.internal.MojoExecutor.doExecute2(MojoExecutor.java:328)
	at org.apache.maven.lifecycle.internal.MojoExecutor.doExecute(MojoExecutor.java:316)
	at org.apache.maven.lifecycle.internal.MojoExecutor.execute(MojoExecutor.java:212)
	at org.apache.maven.lifecycle.internal.MojoExecutor.execute(MojoExecutor.java:174)
	at org.apache.maven.lifecycle.internal.MojoExecutor.access$000(MojoExecutor.java:75)
	at org.apache.maven.lifecycle.internal.MojoExecutor$1.run(MojoExecutor.java:162)
	at org.apache.maven.plugin.DefaultMojosExecutionStrategy.execute(DefaultMojosExecutionStrategy.java:39)
	at org.apache.maven.lifecycle.internal.MojoExecutor.execute(MojoExecutor.java:159)
	at org.apache.maven.lifecycle.internal.LifecycleModuleBuilder.buildProject(LifecycleModuleBuilder.java:105)
	at org.apache.maven.lifecycle.internal.LifecycleModuleBuilder.buildProject(LifecycleModuleBuilder.java:73)
	at org.apache.maven.lifecycle.internal.builder.singlethreaded.SingleThreadedBuilder.build(SingleThreadedBuilder.java:53)
	at org.apache.maven.lifecycle.internal.LifecycleStarter.execute(LifecycleStarter.java:118)
	at org.apache.maven.DefaultMaven.doExecute(DefaultMaven.java:261)
	at org.apache.maven.DefaultMaven.doExecute(DefaultMaven.java:173)
	at org.apache.maven.DefaultMaven.execute(DefaultMaven.java:101)
	at org.apache.maven.cli.MavenCli.execute(MavenCli.java:919)
	at org.apache.maven.cli.MavenCli.doMain(MavenCli.java:285)
	at org.apache.maven.cli.MavenCli.main(MavenCli.java:207)
	at java.base/jdk.internal.reflect.NativeMethodAccessorImpl.invoke0(Native Method)
	at java.base/jdk.internal.reflect.NativeMethodAccessorImpl.invoke(NativeMethodAccessorImpl.java:77)
	at java.base/jdk.internal.reflect.DelegatingMethodAccessorImpl.invoke(DelegatingMethodAccessorImpl.java:43)
	at java.base/java.lang.reflect.Method.invoke(Method.java:568)
	at org.codehaus.plexus.classworlds.launcher.Launcher.launchEnhanced(Launcher.java:255)
	at org.codehaus.plexus.classworlds.launcher.Launcher.launch(Launcher.java:201)
	at org.codehaus.plexus.classworlds.launcher.Launcher.mainWithExitCode(Launcher.java:362)
	at org.codehaus.plexus.classworlds.launcher.Launcher.main(Launcher.java:314)

2026-09-03 12:07:27,870 main ERROR Unable to invoke factory method in class org.apache.logging.log4j.core.appender.RollingFileAppender for element RollingFile: java.lang.IllegalStateException: No factory method found for class org.apache.logging.log4j.core.appender.RollingFileAppender java.lang.IllegalStateException: No factory method found for class org.apache.logging.log4j.core.appender.RollingFileAppender
	at org.apache.logging.log4j.core.config.plugins.util.PluginBuilder.findFactoryMethod(PluginBuilder.java:260)
	at org.apache.logging.log4j.core.config.plugins.util.PluginBuilder.build(PluginBuilder.java:136)
	at org.apache.logging.log4j.core.config.AbstractConfiguration.createPluginObject(AbstractConfiguration.java:1138)
	at org.apache.logging.log4j.core.config.AbstractConfiguration.createConfiguration(AbstractConfiguration.java:1063)
	at org.apache.logging.log4j.core.config.AbstractConfiguration.createConfiguration(AbstractConfiguration.java:1055)
	at org.apache.logging.log4j.core.config.AbstractConfiguration.doConfigure(AbstractConfiguration.java:664)
	at org.apache.logging.log4j.core.config.AbstractConfiguration.initialize(AbstractConfiguration.java:258)
	at org.apache.logging.log4j.core.config.AbstractConfiguration.start(AbstractConfiguration.java:304)
	at org.apache.logging.log4j.core.LoggerContext.setConfiguration(LoggerContext.java:621)
	at org.apache.logging.log4j.core.LoggerContext.reconfigure(LoggerContext.java:694)
	at org.apache.logging.log4j.core.LoggerContext.reconfigure(LoggerContext.java:711)
	at org.apache.logging.log4j.core.LoggerContext.start(LoggerContext.java:253)
	at org.apache.logging.log4j.core.impl.Log4jContextFactory.getContext(Log4jContextFactory.java:155)
	at org.apache.logging.log4j.core.impl.Log4jContextFactory.getContext(Log4jContextFactory.java:47)
	at org.apache.logging.log4j.LogManager.getContext(LogManager.java:196)
	at org.apache.commons.logging.LogAdapter$Log4jLog.<clinit>(LogAdapter.java:155)
	at org.apache.commons.logging.LogAdapter$Log4jAdapter.createLog(LogAdapter.java:122)
	at org.apache.commons.logging.LogAdapter.createLog(LogAdapter.java:89)
	at org.apache.commons.logging.LogFactory.getLog(LogFactory.java:67)
	at org.apache.commons.logging.LogFactory.getLog(LogFactory.java:59)
	at org.apache.http.conn.ssl.AbstractVerifier.<init>(AbstractVerifier.java:61)
	at org.apache.http.conn.ssl.AllowAllHostnameVerifier.<init>(AllowAllHostnameVerifier.java:44)
	at org.apache.http.conn.ssl.AllowAllHostnameVerifier.<clinit>(AllowAllHostnameVerifier.java:46)
	at org.apache.http.conn.ssl.SSLConnectionSocketFactory.<clinit>(SSLConnectionSocketFactory.java:151)
	at org.eclipse.aether.transport.http.GlobalState.newConnectionManager(GlobalState.java:169)
	at java.base/java.util.concurrent.ConcurrentHashMap.computeIfAbsent(ConcurrentHashMap.java:1708)
	at org.eclipse.aether.transport.http.GlobalState.getConnectionManager(GlobalState.java:145)
	at org.eclipse.aether.transport.http.LocalState.<init>(LocalState.java:62)
	at org.eclipse.aether.transport.http.HttpTransporter.<init>(HttpTransporter.java:197)
	at org.eclipse.aether.transport.http.HttpTransporterFactory.newInstance(HttpTransporterFactory.java:95)
	at org.eclipse.aether.internal.impl.DefaultTransporterProvider.newTransporter(DefaultTransporterProvider.java:94)
	at org.eclipse.aether.connector.basic.BasicRepositoryConnector.<init>(BasicRepositoryConnector.java:128)
	at org.eclipse.aether.connector.basic.BasicRepositoryConnectorFactory.newInstance(BasicRepositoryConnectorFactory.java:172)
	at org.eclipse.aether.internal.impl.DefaultRepositoryConnectorProvider.newRepositoryConnector(DefaultRepositoryConnectorProvider.java:122)
	at org.eclipse.aether.internal.impl.DefaultArtifactResolver.performDownloads(DefaultArtifactResolver.java:549)
	at org.eclipse.aether.internal.impl.DefaultArtifactResolver.resolve(DefaultArtifactResolver.java:450)
	at org.eclipse.aether.internal.impl.DefaultArtifactResolver.resolveArtifacts(DefaultArtifactResolver.java:261)
	at org.eclipse.aether.internal.impl.DefaultArtifactResolver.resolveArtifact(DefaultArtifactResolver.java:243)
	at org.eclipse.aether.internal.impl.DefaultRepositorySystem.resolveArtifact(DefaultRepositorySystem.java:278)
	at org.apache.maven.artifact.resolver.DefaultArtifactResolver.resolve(DefaultArtifactResolver.java:197)
	at org.apache.maven.artifact.resolver.DefaultArtifactResolver.resolve(DefaultArtifactResolver.java:146)
	at org.apache.maven.artifact.resolver.DefaultArtifactResolver.resolve(DefaultArtifactResolver.java:535)
	at com.googlecode.download.maven.plugin.internal.Artifact.downloadArtifact(Artifact.java:192)
	at com.googlecode.download.maven.plugin.internal.Artifact.downloadAndAddArtifact(Artifact.java:173)
	at com.googlecode.download.maven.plugin.internal.Artifact.execute(Artifact.java:155)
	at org.apache.maven.plugin.DefaultBuildPluginManager.executeMojo(DefaultBuildPluginManager.java:126)
	at org.twdata.maven.mojoexecutor.MojoExecutor.executeMojo(MojoExecutor.java:120)
	at com.mulesoft.exchange.mavenfacade.AbstractDynamicJSONFileProvider.getStatus(AbstractDynamicJSONFileProvider.java:93)
	at com.mulesoft.exchange.mavenfacade.PublicationPreConditionsChecker.checkStatus(PublicationPreConditionsChecker.java:17)
	at com.mulesoft.exchange.mavenfacade.PreDeployMojo.doExecute(PreDeployMojo.java:30)
	at com.mulesoft.exchange.mavenfacade.AbstractExchangeMojo.execute(AbstractExchangeMojo.java:61)
	at org.apache.maven.plugin.DefaultBuildPluginManager.executeMojo(DefaultBuildPluginManager.java:126)
	at org.apache.maven.lifecycle.internal.MojoExecutor.doExecute2(MojoExecutor.java:328)
	at org.apache.maven.lifecycle.internal.MojoExecutor.doExecute(MojoExecutor.java:316)
	at org.apache.maven.lifecycle.internal.MojoExecutor.execute(MojoExecutor.java:212)
	at org.apache.maven.lifecycle.internal.MojoExecutor.execute(MojoExecutor.java:174)
	at org.apache.maven.lifecycle.internal.MojoExecutor.access$000(MojoExecutor.java:75)
	at org.apache.maven.lifecycle.internal.MojoExecutor$1.run(MojoExecutor.java:162)
	at org.apache.maven.plugin.DefaultMojosExecutionStrategy.execute(DefaultMojosExecutionStrategy.java:39)
	at org.apache.maven.lifecycle.internal.MojoExecutor.execute(MojoExecutor.java:159)
	at org.apache.maven.lifecycle.internal.LifecycleModuleBuilder.buildProject(LifecycleModuleBuilder.java:105)
	at org.apache.maven.lifecycle.internal.LifecycleModuleBuilder.buildProject(LifecycleModuleBuilder.java:73)
	at org.apache.maven.lifecycle.internal.builder.singlethreaded.SingleThreadedBuilder.build(SingleThreadedBuilder.java:53)
	at org.apache.maven.lifecycle.internal.LifecycleStarter.execute(LifecycleStarter.java:118)
	at org.apache.maven.DefaultMaven.doExecute(DefaultMaven.java:261)
	at org.apache.maven.DefaultMaven.doExecute(DefaultMaven.java:173)
	at org.apache.maven.DefaultMaven.execute(DefaultMaven.java:101)
	at org.apache.maven.cli.MavenCli.execute(MavenCli.java:919)
	at org.apache.maven.cli.MavenCli.doMain(MavenCli.java:285)
	at org.apache.maven.cli.MavenCli.main(MavenCli.java:207)
	at java.base/jdk.internal.reflect.NativeMethodAccessorImpl.invoke0(Native Method)
	at java.base/jdk.internal.reflect.NativeMethodAccessorImpl.invoke(NativeMethodAccessorImpl.java:77)
	at java.base/jdk.internal.reflect.DelegatingMethodAccessorImpl.invoke(DelegatingMethodAccessorImpl.java:43)
	at java.base/java.lang.reflect.Method.invoke(Method.java:568)
	at org.codehaus.plexus.classworlds.launcher.Launcher.launchEnhanced(Launcher.java:255)
	at org.codehaus.plexus.classworlds.launcher.Launcher.launch(Launcher.java:201)
	at org.codehaus.plexus.classworlds.launcher.Launcher.mainWithExitCode(Launcher.java:362)
	at org.codehaus.plexus.classworlds.launcher.Launcher.main(Launcher.java:314)

2026-09-03 12:07:27,872 main ERROR Null object returned for RollingFile in Appenders.
2026-09-03 12:07:27,881 main ERROR Unable to locate appender "file" for logger config "root"
Downloading from mulesoft-snapshots: https://repository.mulesoft.org/nexus/content/repositories/snapshots/4298ec09-1c1f-470c-aa3c-b6dc2f85d1a3/test/1.0.0-SNAPSHOT/test-1.0.0-SNAPSHOT-preConditions-1788417446620.json
Downloading from anypoint-exchange-v3: https://maven.anypoint.mulesoft.com/api/v3/organizations/4298ec09-1c1f-470c-aa3c-b6dc2f85d1a3/maven/runId/2a9c6794-9f1d-4790-b36e-a2c74d567483/4298ec09-1c1f-470c-aa3c-b6dc2f85d1a3/test/1.0.0-SNAPSHOT/test-1.0.0-SNAPSHOT-preConditions-1788417446620.json
[INFO] ------------------------------------------------------------------------
[INFO] BUILD FAILURE
[INFO] ------------------------------------------------------------------------
[INFO] Total time:  36.525 s
[INFO] Finished at: 2026-09-03T12:07:32+05:30
[INFO] ------------------------------------------------------------------------
[ERROR] Failed to execute goal org.mule.tools.maven:exchange-mule-maven-plugin:0.0.23:exchange-pre-deploy (default-exchange-pre-deploy) on project test: Exchange publication failed: Unexpected error while processing the publication: Unable to execute mojo: Artifact could not be resolved. -> [Help 1]
org.apache.maven.lifecycle.LifecycleExecutionException: Failed to execute goal org.mule.tools.maven:exchange-mule-maven-plugin:0.0.23:exchange-pre-deploy (default-exchange-pre-deploy) on project test: Exchange publication failed
    at org.apache.maven.lifecycle.internal.MojoExecutor.doExecute2 (MojoExecutor.java:333)
    at org.apache.maven.lifecycle.internal.MojoExecutor.doExecute (MojoExecutor.java:316)
    at org.apache.maven.lifecycle.internal.MojoExecutor.execute (MojoExecutor.java:212)
    at org.apache.maven.lifecycle.internal.MojoExecutor.execute (MojoExecutor.java:174)
    at org.apache.maven.lifecycle.internal.MojoExecutor.access$000 (MojoExecutor.java:75)
    at org.apache.maven.lifecycle.internal.MojoExecutor$1.run (MojoExecutor.java:162)
    at org.apache.maven.plugin.DefaultMojosExecutionStrategy.execute (DefaultMojosExecutionStrategy.java:39)
    at org.apache.maven.lifecycle.internal.MojoExecutor.execute (MojoExecutor.java:159)
    at org.apache.maven.lifecycle.internal.LifecycleModuleBuilder.buildProject (LifecycleModuleBuilder.java:105)
    at org.apache.maven.lifecycle.internal.LifecycleModuleBuilder.buildProject (LifecycleModuleBuilder.java:73)
    at org.apache.maven.lifecycle.internal.builder.singlethreaded.SingleThreadedBuilder.build (SingleThreadedBuilder.java:53)
    at org.apache.maven.lifecycle.internal.LifecycleStarter.execute (LifecycleStarter.java:118)
    at org.apache.maven.DefaultMaven.doExecute (DefaultMaven.java:261)
    at org.apache.maven.DefaultMaven.doExecute (DefaultMaven.java:173)
    at org.apache.maven.DefaultMaven.execute (DefaultMaven.java:101)
    at org.apache.maven.cli.MavenCli.execute (MavenCli.java:919)
    at org.apache.maven.cli.MavenCli.doMain (MavenCli.java:285)
    at org.apache.maven.cli.MavenCli.main (MavenCli.java:207)
    at jdk.internal.reflect.NativeMethodAccessorImpl.invoke0 (Native Method)
    at jdk.internal.reflect.NativeMethodAccessorImpl.invoke (NativeMethodAccessorImpl.java:77)
    at jdk.internal.reflect.DelegatingMethodAccessorImpl.invoke (DelegatingMethodAccessorImpl.java:43)
    at java.lang.reflect.Method.invoke (Method.java:568)
    at org.codehaus.plexus.classworlds.launcher.Launcher.launchEnhanced (Launcher.java:255)
    at org.codehaus.plexus.classworlds.launcher.Launcher.launch (Launcher.java:201)
    at org.codehaus.plexus.classworlds.launcher.Launcher.mainWithExitCode (Launcher.java:362)
    at org.codehaus.plexus.classworlds.launcher.Launcher.main (Launcher.java:314)
Caused by: org.apache.maven.plugin.MojoExecutionException: Exchange publication failed
    at com.mulesoft.exchange.mavenfacade.PreDeployMojo.doExecute (PreDeployMojo.java:32)
    at com.mulesoft.exchange.mavenfacade.AbstractExchangeMojo.execute (AbstractExchangeMojo.java:61)
    at org.apache.maven.plugin.DefaultBuildPluginManager.executeMojo (DefaultBuildPluginManager.java:126)
    at org.apache.maven.lifecycle.internal.MojoExecutor.doExecute2 (MojoExecutor.java:328)
    at org.apache.maven.lifecycle.internal.MojoExecutor.doExecute (MojoExecutor.java:316)
    at org.apache.maven.lifecycle.internal.MojoExecutor.execute (MojoExecutor.java:212)
    at org.apache.maven.lifecycle.internal.MojoExecutor.execute (MojoExecutor.java:174)
    at org.apache.maven.lifecycle.internal.MojoExecutor.access$000 (MojoExecutor.java:75)
    at org.apache.maven.lifecycle.internal.MojoExecutor$1.run (MojoExecutor.java:162)
    at org.apache.maven.plugin.DefaultMojosExecutionStrategy.execute (DefaultMojosExecutionStrategy.java:39)
    at org.apache.maven.lifecycle.internal.MojoExecutor.execute (MojoExecutor.java:159)
    at org.apache.maven.lifecycle.internal.LifecycleModuleBuilder.buildProject (LifecycleModuleBuilder.java:105)
    at org.apache.maven.lifecycle.internal.LifecycleModuleBuilder.buildProject (LifecycleModuleBuilder.java:73)
    at org.apache.maven.lifecycle.internal.builder.singlethreaded.SingleThreadedBuilder.build (SingleThreadedBuilder.java:53)
    at org.apache.maven.lifecycle.internal.LifecycleStarter.execute (LifecycleStarter.java:118)
    at org.apache.maven.DefaultMaven.doExecute (DefaultMaven.java:261)
    at org.apache.maven.DefaultMaven.doExecute (DefaultMaven.java:173)
    at org.apache.maven.DefaultMaven.execute (DefaultMaven.java:101)
    at org.apache.maven.cli.MavenCli.execute (MavenCli.java:919)
    at org.apache.maven.cli.MavenCli.doMain (MavenCli.java:285)
    at org.apache.maven.cli.MavenCli.main (MavenCli.java:207)
    at jdk.internal.reflect.NativeMethodAccessorImpl.invoke0 (Native Method)
    at jdk.internal.reflect.NativeMethodAccessorImpl.invoke (NativeMethodAccessorImpl.java:77)
    at jdk.internal.reflect.DelegatingMethodAccessorImpl.invoke (DelegatingMethodAccessorImpl.java:43)
    at java.lang.reflect.Method.invoke (Method.java:568)
    at org.codehaus.plexus.classworlds.launcher.Launcher.launchEnhanced (Launcher.java:255)
    at org.codehaus.plexus.classworlds.launcher.Launcher.launch (Launcher.java:201)
    at org.codehaus.plexus.classworlds.launcher.Launcher.mainWithExitCode (Launcher.java:362)
    at org.codehaus.plexus.classworlds.launcher.Launcher.main (Launcher.java:314)
Caused by: java.lang.RuntimeException: Unexpected error while processing the publication
    at com.mulesoft.exchange.mavenfacade.AbstractDynamicJSONFileProvider.getStatus (AbstractDynamicJSONFileProvider.java:102)
    at com.mulesoft.exchange.mavenfacade.PublicationPreConditionsChecker.checkStatus (PublicationPreConditionsChecker.java:17)
    at com.mulesoft.exchange.mavenfacade.PreDeployMojo.doExecute (PreDeployMojo.java:30)
    at com.mulesoft.exchange.mavenfacade.AbstractExchangeMojo.execute (AbstractExchangeMojo.java:61)
    at org.apache.maven.plugin.DefaultBuildPluginManager.executeMojo (DefaultBuildPluginManager.java:126)
    at org.apache.maven.lifecycle.internal.MojoExecutor.doExecute2 (MojoExecutor.java:328)
    at org.apache.maven.lifecycle.internal.MojoExecutor.doExecute (MojoExecutor.java:316)
    at org.apache.maven.lifecycle.internal.MojoExecutor.execute (MojoExecutor.java:212)
    at org.apache.maven.lifecycle.internal.MojoExecutor.execute (MojoExecutor.java:174)
    at org.apache.maven.lifecycle.internal.MojoExecutor.access$000 (MojoExecutor.java:75)
    at org.apache.maven.lifecycle.internal.MojoExecutor$1.run (MojoExecutor.java:162)
    at org.apache.maven.plugin.DefaultMojosExecutionStrategy.execute (DefaultMojosExecutionStrategy.java:39)
    at org.apache.maven.lifecycle.internal.MojoExecutor.execute (MojoExecutor.java:159)
    at org.apache.maven.lifecycle.internal.LifecycleModuleBuilder.buildProject (LifecycleModuleBuilder.java:105)
    at org.apache.maven.lifecycle.internal.LifecycleModuleBuilder.buildProject (LifecycleModuleBuilder.java:73)
    at org.apache.maven.lifecycle.internal.builder.singlethreaded.SingleThreadedBuilder.build (SingleThreadedBuilder.java:53)
    at org.apache.maven.lifecycle.internal.LifecycleStarter.execute (LifecycleStarter.java:118)
    at org.apache.maven.DefaultMaven.doExecute (DefaultMaven.java:261)
    at org.apache.maven.DefaultMaven.doExecute (DefaultMaven.java:173)
    at org.apache.maven.DefaultMaven.execute (DefaultMaven.java:101)
    at org.apache.maven.cli.MavenCli.execute (MavenCli.java:919)
    at org.apache.maven.cli.MavenCli.doMain (MavenCli.java:285)
    at org.apache.maven.cli.MavenCli.main (MavenCli.java:207)
    at jdk.internal.reflect.NativeMethodAccessorImpl.invoke0 (Native Method)
    at jdk.internal.reflect.NativeMethodAccessorImpl.invoke (NativeMethodAccessorImpl.java:77)
    at jdk.internal.reflect.DelegatingMethodAccessorImpl.invoke (DelegatingMethodAccessorImpl.java:43)
    at java.lang.reflect.Method.invoke (Method.java:568)
    at org.codehaus.plexus.classworlds.launcher.Launcher.launchEnhanced (Launcher.java:255)
    at org.codehaus.plexus.classworlds.launcher.Launcher.launch (Launcher.java:201)
    at org.codehaus.plexus.classworlds.launcher.Launcher.mainWithExitCode (Launcher.java:362)
    at org.codehaus.plexus.classworlds.launcher.Launcher.main (Launcher.java:314)
Caused by: org.apache.maven.plugin.MojoExecutionException: Unable to execute mojo
    at org.twdata.maven.mojoexecutor.MojoExecutor.executeMojo (MojoExecutor.java:122)
    at com.mulesoft.exchange.mavenfacade.AbstractDynamicJSONFileProvider.getStatus (AbstractDynamicJSONFileProvider.java:93)
    at com.mulesoft.exchange.mavenfacade.PublicationPreConditionsChecker.checkStatus (PublicationPreConditionsChecker.java:17)
    at com.mulesoft.exchange.mavenfacade.PreDeployMojo.doExecute (PreDeployMojo.java:30)
    at com.mulesoft.exchange.mavenfacade.AbstractExchangeMojo.execute (AbstractExchangeMojo.java:61)
    at org.apache.maven.plugin.DefaultBuildPluginManager.executeMojo (DefaultBuildPluginManager.java:126)
    at org.apache.maven.lifecycle.internal.MojoExecutor.doExecute2 (MojoExecutor.java:328)
    at org.apache.maven.lifecycle.internal.MojoExecutor.doExecute (MojoExecutor.java:316)
    at org.apache.maven.lifecycle.internal.MojoExecutor.execute (MojoExecutor.java:212)
    at org.apache.maven.lifecycle.internal.MojoExecutor.execute (MojoExecutor.java:174)
    at org.apache.maven.lifecycle.internal.MojoExecutor.access$000 (MojoExecutor.java:75)
    at org.apache.maven.lifecycle.internal.MojoExecutor$1.run (MojoExecutor.java:162)
    at org.apache.maven.plugin.DefaultMojosExecutionStrategy.execute (DefaultMojosExecutionStrategy.java:39)
    at org.apache.maven.lifecycle.internal.MojoExecutor.execute (MojoExecutor.java:159)
    at org.apache.maven.lifecycle.internal.LifecycleModuleBuilder.buildProject (LifecycleModuleBuilder.java:105)
    at org.apache.maven.lifecycle.internal.LifecycleModuleBuilder.buildProject (LifecycleModuleBuilder.java:73)
    at org.apache.maven.lifecycle.internal.builder.singlethreaded.SingleThreadedBuilder.build (SingleThreadedBuilder.java:53)
    at org.apache.maven.lifecycle.internal.LifecycleStarter.execute (LifecycleStarter.java:118)
    at org.apache.maven.DefaultMaven.doExecute (DefaultMaven.java:261)
    at org.apache.maven.DefaultMaven.doExecute (DefaultMaven.java:173)
    at org.apache.maven.DefaultMaven.execute (DefaultMaven.java:101)
    at org.apache.maven.cli.MavenCli.execute (MavenCli.java:919)
    at org.apache.maven.cli.MavenCli.doMain (MavenCli.java:285)
    at org.apache.maven.cli.MavenCli.main (MavenCli.java:207)
    at jdk.internal.reflect.NativeMethodAccessorImpl.invoke0 (Native Method)
    at jdk.internal.reflect.NativeMethodAccessorImpl.invoke (NativeMethodAccessorImpl.java:77)
    at jdk.internal.reflect.DelegatingMethodAccessorImpl.invoke (DelegatingMethodAccessorImpl.java:43)
    at java.lang.reflect.Method.invoke (Method.java:568)
    at org.codehaus.plexus.classworlds.launcher.Launcher.launchEnhanced (Launcher.java:255)
    at org.codehaus.plexus.classworlds.launcher.Launcher.launch (Launcher.java:201)
    at org.codehaus.plexus.classworlds.launcher.Launcher.mainWithExitCode (Launcher.java:362)
    at org.codehaus.plexus.classworlds.launcher.Launcher.main (Launcher.java:314)
Caused by: org.apache.maven.plugin.MojoFailureException: Artifact could not be resolved.
    at com.googlecode.download.maven.plugin.internal.Artifact.downloadArtifact (Artifact.java:195)
    at com.googlecode.download.maven.plugin.internal.Artifact.downloadAndAddArtifact (Artifact.java:173)
    at com.googlecode.download.maven.plugin.internal.Artifact.execute (Artifact.java:155)
    at org.apache.maven.plugin.DefaultBuildPluginManager.executeMojo (DefaultBuildPluginManager.java:126)
    at org.twdata.maven.mojoexecutor.MojoExecutor.executeMojo (MojoExecutor.java:120)
    at com.mulesoft.exchange.mavenfacade.AbstractDynamicJSONFileProvider.getStatus (AbstractDynamicJSONFileProvider.java:93)
    at com.mulesoft.exchange.mavenfacade.PublicationPreConditionsChecker.checkStatus (PublicationPreConditionsChecker.java:17)
    at com.mulesoft.exchange.mavenfacade.PreDeployMojo.doExecute (PreDeployMojo.java:30)
    at com.mulesoft.exchange.mavenfacade.AbstractExchangeMojo.execute (AbstractExchangeMojo.java:61)
    at org.apache.maven.plugin.DefaultBuildPluginManager.executeMojo (DefaultBuildPluginManager.java:126)
    at org.apache.maven.lifecycle.internal.MojoExecutor.doExecute2 (MojoExecutor.java:328)
    at org.apache.maven.lifecycle.internal.MojoExecutor.doExecute (MojoExecutor.java:316)
    at org.apache.maven.lifecycle.internal.MojoExecutor.execute (MojoExecutor.java:212)
    at org.apache.maven.lifecycle.internal.MojoExecutor.execute (MojoExecutor.java:174)
    at org.apache.maven.lifecycle.internal.MojoExecutor.access$000 (MojoExecutor.java:75)
    at org.apache.maven.lifecycle.internal.MojoExecutor$1.run (MojoExecutor.java:162)
    at org.apache.maven.plugin.DefaultMojosExecutionStrategy.execute (DefaultMojosExecutionStrategy.java:39)
    at org.apache.maven.lifecycle.internal.MojoExecutor.execute (MojoExecutor.java:159)
    at org.apache.maven.lifecycle.internal.LifecycleModuleBuilder.buildProject (LifecycleModuleBuilder.java:105)
    at org.apache.maven.lifecycle.internal.LifecycleModuleBuilder.buildProject (LifecycleModuleBuilder.java:73)
    at org.apache.maven.lifecycle.internal.builder.singlethreaded.SingleThreadedBuilder.build (SingleThreadedBuilder.java:53)
    at org.apache.maven.lifecycle.internal.LifecycleStarter.execute (LifecycleStarter.java:118)
    at org.apache.maven.DefaultMaven.doExecute (DefaultMaven.java:261)
    at org.apache.maven.DefaultMaven.doExecute (DefaultMaven.java:173)
    at org.apache.maven.DefaultMaven.execute (DefaultMaven.java:101)
    at org.apache.maven.cli.MavenCli.execute (MavenCli.java:919)
    at org.apache.maven.cli.MavenCli.doMain (MavenCli.java:285)
    at org.apache.maven.cli.MavenCli.main (MavenCli.java:207)
    at jdk.internal.reflect.NativeMethodAccessorImpl.invoke0 (Native Method)
    at jdk.internal.reflect.NativeMethodAccessorImpl.invoke (NativeMethodAccessorImpl.java:77)
    at jdk.internal.reflect.DelegatingMethodAccessorImpl.invoke (DelegatingMethodAccessorImpl.java:43)
    at java.lang.reflect.Method.invoke (Method.java:568)
    at org.codehaus.plexus.classworlds.launcher.Launcher.launchEnhanced (Launcher.java:255)
    at org.codehaus.plexus.classworlds.launcher.Launcher.launch (Launcher.java:201)
    at org.codehaus.plexus.classworlds.launcher.Launcher.mainWithExitCode (Launcher.java:362)
    at org.codehaus.plexus.classworlds.launcher.Launcher.main (Launcher.java:314)
[ERROR] 
[ERROR] Re-run Maven using the -X switch to enable full debug logging.
[ERROR] 
[ERROR] For more information about the errors and possible solutions, please read the following articles:
[ERROR] [Help 1] http://cwiki.apache.org/confluence/display/MAVEN/MojoExecutionException
2026-09-03 12:07:32,429 pool-4-thread-1 ERROR Caught exception executing shutdown hook null java.lang.NoClassDefFoundError: org/apache/logging/log4j/core/async/DiscardingAsyncQueueFullPolicy
	at org.apache.logging.log4j.core.async.AsyncLoggerConfigDisruptor.stop(AsyncLoggerConfigDisruptor.java:271)
	at org.apache.logging.log4j.core.config.AbstractConfiguration.stop(AbstractConfiguration.java:385)
	at org.apache.logging.log4j.core.LoggerContext.stop(LoggerContext.java:377)
	at org.apache.logging.log4j.core.LoggerContext$1.run(LoggerContext.java:305)
	at org.apache.logging.log4j.core.util.DefaultShutdownCallbackRegistry$RegisteredCancellable.run(DefaultShutdownCallbackRegistry.java:119)
	at org.apache.logging.log4j.core.util.DefaultShutdownCallbackRegistry.run(DefaultShutdownCallbackRegistry.java:78)
	at java.base/java.lang.Thread.run(Thread.java:842)
Caused by: java.lang.ClassNotFoundException: org.apache.logging.log4j.core.async.DiscardingAsyncQueueFullPolicy
	at org.codehaus.plexus.classworlds.strategy.SelfFirstStrategy.loadClass(SelfFirstStrategy.java:42)
	at org.codehaus.plexus.classworlds.realm.ClassRealm.unsynchronizedLoadClass(ClassRealm.java:211)
	at org.codehaus.plexus.classworlds.realm.ClassRealm.loadClass(ClassRealm.java:202)
	at org.codehaus.plexus.classworlds.realm.ClassRealm.loadClass(ClassRealm.java:198)
	... 7 more

